⨯ Error: Cannot find module 'C:\Users\citry\OneDrive\Desktop\fma-website\.next\server\middleware-manifest.json'
Require stack:
- C:\Users\citry\OneDrive\Desktop\fma-website\node_modules\next\dist\server\next-server.js
- C:\Users\citry\OneDrive\Desktop\fma-website\node_modules\next\dist\server\next.js
- C:\Users\citry\OneDrive\Desktop\fma-website\node_modules\next\dist\server\lib\start-server.js
- C:\Users\citry\OneDrive\Desktop\fma-website\node_modules\next\dist\cli\next-start.js
    at ignore-listed frames {
  code: 'MODULE_NOT_FOUND',
  requireStack: [Array]
}
⨯ Error: Cannot find module 'C:\Users\citry\OneDrive\Desktop\fma-website\.next\server\middleware-manifest.json'
Require stack:
- C:\Users\citry\OneDrive\Desktop\fma-website\node_modules\next\dist\server\next-server.js
- C:\Users\citry\OneDrive\Desktop\fma-website\node_modules\next\dist\server\next.js
- C:\Users\citry\OneDrive\Desktop\fma-website\node_modules\next\dist\server\lib\start-server.js
- C:\Users\citry\OneDrive\Desktop\fma-website\node_modules\next\dist\cli\next-start.js
    at ignore-listed frames {
  code: 'MODULE_NOT_FOUND',
  requireStack: [Array]
}
⨯ Error: Cannot find module 'C:\Users\citry\OneDrive\Desktop\fma-website\.next\server\middleware-manifest.json'
Require stack:
- C:\Users\citry\OneDrive\Desktop\fma-website\node_modules\next\dist\server\next-server.js
- C:\Users\citry\OneDrive\Desktop\fma-website\node_modules\next\dist\server\next.js
- C:\Users\citry\OneDrive\Desktop\fma-website\node_modules\next\dist\server\lib\start-server.js
- C:\Users\citry\OneDrive\Desktop\fma-website\node_modules\next\dist\cli\next-start.js
    at ignore-listed frames {
  code: 'MODULE_NOT_FOUND',
  requireStack: [Array]
}
⨯ Error: Cannot find module 'C:\Users\citry\OneDrive\Desktop\fma-website\.next\server\middleware-manifest.json'
Require stack:
- C:\Users\citry\OneDrive\Desktop\fma-website\node_modules\next\dist\server\next-server.js
- C:\Users\citry\OneDrive\Desktop\fma-website\node_modules\next\dist\server\next.js
- C:\Users\citry\OneDrive\Desktop\fma-website\node_modules\next\dist\server\lib\start-server.js
- C:\Users\citry\OneDrive\Desktop\fma-website\node_modules\next\dist\cli\next-start.js
    at ignore-listed frames {
  code: 'MODULE_NOT_FOUND',
  requireStack: [Array]
}
⨯ Error: Cannot find module 'C:\Users\citry\OneDrive\Desktop\fma-website\.next\server\middleware-manifest.json'
Require stack:
- C:\Users\citry\OneDrive\Desktop\fma-website\node_modules\next\dist\server\next-server.js
- C:\Users\citry\OneDrive\Desktop\fma-website\node_modules\next\dist\server\next.js
- C:\Users\citry\OneDrive\Desktop\fma-website\node_modules\next\dist\server\lib\start-server.js
- C:\Users\citry\OneDrive\Desktop\fma-website\node_modules\next\dist\cli\next-start.js
    at ignore-listed frames {
  code: 'MODULE_NOT_FOUND',
  requireStack: [Array]
}
⨯ Error: Cannot find module 'C:\Users\citry\OneDrive\Desktop\fma-website\.next\server\middleware-manifest.json'
Require stack:
- C:\Users\citry\OneDrive\Desktop\fma-website\node_modules\next\dist\server\next-server.js
- C:\Users\citry\OneDrive\Desktop\fma-website\node_modules\next\dist\server\next.js
- C:\Users\citry\OneDrive\Desktop\fma-website\node_modules\next\dist\server\lib\start-server.js
- C:\Users\citry\OneDrive\Desktop\fma-website\node_modules\next\dist\cli\next-start.js
    at ignore-listed frames {
  code: 'MODULE_NOT_FOUND',
  requireStack: [Array]
}
⨯ Error: Cannot find module 'C:\Users\citry\OneDrive\Desktop\fma-website\.next\server\middleware-manifest.json'
Require stack:
- C:\Users\citry\OneDrive\Desktop\fma-website\node_modules\next\dist\server\next-server.js
- C:\Users\citry\OneDrive\Desktop\fma-website\node_modules\next\dist\server\next.js
- C:\Users\citry\OneDrive\Desktop\fma-website\node_modules\next\dist\server\lib\start-server.js
- C:\Users\citry\OneDrive\Desktop\fma-website\node_modules\next\dist\cli\next-start.js
    at ignore-listed frames {
  code: 'MODULE_NOT_FOUND',
  requireStack: [Array]
}
⨯ Error: Cannot find module 'C:\Users\citry\OneDrive\Desktop\fma-website\.next\server\middleware-manifest.json'
Require stack:
- C:\Users\citry\OneDrive\Desktop\fma-website\node_modules\next\dist\server\next-server.js
- C:\Users\citry\OneDrive\Desktop\fma-website\node_modules\next\dist\server\next.js
- C:\Users\citry\OneDrive\Desktop\fma-website\node_modules\next\dist\server\lib\start-server.js
- C:\Users\citry\OneDrive\Desktop\fma-website\node_modules\next\dist\cli\next-start.js
    at ignore-listed frames {
  code: 'MODULE_NOT_FOUND',
  requireStack: [Array]
}
⨯ Error: ENOENT: no such file or directory, open 'C:\Users\citry\OneDrive\Desktop\fma-website\.next\required-server-files.json'
    at async Module.L (C:\Users\citry\OneDrive\Desktop\fma-website\.next\server\chunks\ssr\_914f3615._.js:1:1823) {
  errno: -4058,
  code: 'ENOENT',
  syscall: 'open',
  path: 'C:\\Users\\citry\\OneDrive\\Desktop\\fma-website\\.next\\required-server-files.json'
}
⨯ Error: Failed to load static file for page: /500 ENOENT: no such file or directory, open 'C:\Users\citry\OneDrive\Desktop\fma-website\.next\server\pages\500.html'
    at ignore-listed frames
⨯ Error: ENOENT: no such file or directory, open 'C:\Users\citry\OneDrive\Desktop\fma-website\.next\required-server-files.json'
    at async Module.L (C:\Users\citry\OneDrive\Desktop\fma-website\.next\server\chunks\ssr\_8f61e710._.js:1:1883) {
  errno: -4058,
  code: 'ENOENT',
  syscall: 'open',
  path: 'C:\\Users\\citry\\OneDrive\\Desktop\\fma-website\\.next\\required-server-files.json'
}
⨯ Error: Failed to load static file for page: /500 ENOENT: no such file or directory, open 'C:\Users\citry\OneDrive\Desktop\fma-website\.next\server\pages\500.html'
    at ignore-listed frames
⨯ Error: ENOENT: no such file or directory, open 'C:\Users\citry\OneDrive\Desktop\fma-website\.next\BUILD_ID'
    at async Module.L (C:\Users\citry\OneDrive\Desktop\fma-website\.next\server\chunks\ssr\_971af033._.js:1:1837) {
  errno: -4058,
  code: 'ENOENT',
  syscall: 'open',
  path: 'C:\\Users\\citry\\OneDrive\\Desktop\\fma-website\\.next\\BUILD_ID'
}
⨯ Error: Failed to load static file for page: /500 ENOENT: no such file or directory, open 'C:\Users\citry\OneDrive\Desktop\fma-website\.next\server\pages\500.html'
    at ignore-listed frames
